[2026-10-01T12:44:35.453Z] GET /style.css
[2026-10-01T12:44:35.454Z] GET /guestbook.js
[2026-10-01T12:45:00.391Z] GET /guestbook
[2026-10-01T12:45:00.399Z] GET /style.css
[2026-10-01T12:45:00.400Z] GET /guestbook.js
[2026-10-01T12:46:47.651Z] GET /guestbook
[2026-10-01T12:46:47.663Z] GET /style.css
[2026-10-01T12:46:47.664Z] GET /guestbook.js
[2026-10-01T12:46:47.676Z] GET /api/guestbook
[2026-10-01T12:47:06.027Z] GET /
[2026-10-01T12:47:06.083Z] GET /style.css
[2026-10-01T12:47:06.095Z] GET /api/whoami
[2026-10-01T12:47:06.125Z] GET /style.css
[2026-10-01T12:47:17.254Z] POST /login
[2026-10-01T12:47:17.258Z] GET /api/whoami
[2026-10-01T12:47:17.263Z] GET /dashboard
[2026-10-01T12:47:17.271Z] GET /style.css
[2026-10-01T12:47:18.120Z] GET /guestbook
[2026-10-01T12:47:18.127Z] GET /style.css
[2026-10-01T12:47:18.130Z] GET /guestbook.js
[2026-10-01T12:47:18.141Z] GET /api/guestbook
[2026-10-01T12:47:31.312Z] POST /api/guestbook
[2026-10-01T12:57:26.123Z] GET /guestbook
[2026-10-01T12:57:26.135Z] GET /style.css
[2026-10-01T12:57:26.139Z] GET /guestbook.js
[2026-10-01T12:58:08.160Z] POST /api/guestbook
[2026-10-01T12:59:14.616Z] POST /api/guestbook
[2026-10-01T12:59:17.159Z] POST /api/guestbook
[2026-10-01T12:59:18.986Z] GET /guestbook
[2026-10-01T12:59:18.999Z] GET /style.css
[2026-10-01T12:59:19.001Z] GET /guestbook.js
[2026-10-01T12:59:34.993Z] POST /api/guestbook
[2026-10-01T12:59:37.456Z] POST /api/guestbook
[2026-10-01T13:08:26.203Z] POST /api/guestbook
[2026-10-01T13:08:27.547Z] POST /api/guestbook
[2026-10-01T13:08:27.978Z] POST /api/guestbook
[2026-10-01T13:08:29.347Z] POST /api/guestbook
[2026-10-01T13:08:29.595Z] POST /api/guestbook
[2026-10-01T13:08:38.107Z] POST /api/guestbook
[2026-10-01T13:08:38.987Z] POST /api/guestbook
[2026-10-01T13:24:26.794Z] GET /guestbook
[2026-10-01T13:24:26.800Z] GET /
[2026-10-01T13:24:26.806Z] GET /style.css
[2026-10-01T13:24:26.820Z] GET /api/whoami
[2026-10-01T13:24:43.845Z] POST /login
[2026-10-01T13:24:43.857Z] GET /api/whoami
[2026-10-01T13:24:43.862Z] GET /dashboard
[2026-10-01T13:24:43.875Z] GET /style.css
[2026-10-01T13:24:45.173Z] GET /guestbook
[2026-10-01T13:24:45.180Z] GET /style.css
[2026-10-01T13:24:45.182Z] GET /guestbook.js
[2026-10-01T13:24:45.193Z] GET /api/guestbook
[2026-10-01T13:26:58.884Z] GET /guestbook
[2026-10-01T13:26:58.894Z] GET /style.css
[2026-10-01T13:26:58.895Z] GET /guestbook.js
[2026-10-01T13:26:58.906Z] GET /api/guestbook
[2026-10-01T13:28:21.426Z] POST /api/guestbook
[2026-10-01T13:28:26.578Z] GET /dashboard
[2026-10-01T13:28:26.585Z] GET /style.css
[2026-10-01T13:28:27.907Z] GET /
[2026-10-01T13:28:27.915Z] GET /style.css
[2026-10-01T13:28:27.930Z] GET /api/whoami
[2026-10-01T13:28:31.588Z] GET /dashboard
[2026-10-01T13:28:31.597Z] GET /style.css
[2026-10-01T13:28:33.874Z] POST /logout
[2026-10-01T13:28:33.883Z] GET /
[2026-10-01T13:28:33.889Z] GET /style.css
[2026-10-01T13:28:33.903Z] GET /api/whoami
[2026-10-01T13:28:38.626Z] GET /guestbook
[2026-10-01T13:28:38.628Z] GET /
[2026-10-01T13:28:38.638Z] GET /style.css
[2026-10-01T13:28:38.650Z] GET /api/whoami
[2026-10-01T13:28:39.036Z] GET /guestbook
[2026-10-01T13:28:39.040Z] GET /
[2026-10-01T13:28:39.046Z] GET /style.css
[2026-10-01T13:28:39.058Z] GET /api/whoami
[2026-10-01T13:28:39.356Z] GET /guestbook
[2026-10-01T13:28:39.358Z] GET /
[2026-10-01T13:28:39.365Z] GET /style.css
[2026-10-01T13:28:39.376Z] GET /api/whoami
[2026-10-01T13:28:41.132Z] GET /guestbook
[2026-10-01T13:28:41.136Z] GET /
[2026-10-01T13:28:41.144Z] GET /style.css
[2026-10-01T13:28:41.160Z] GET /api/whoami
[2026-10-01T13:29:10.257Z] POST /login
[2026-10-01T13:29:10.263Z] GET /api/whoami
[2026-10-01T13:29:10.267Z] GET /dashboard
[2026-10-01T13:29:10.275Z] GET /style.css
[2026-10-01T13:29:11.872Z] GET /guestbook
[2026-10-01T13:29:11.880Z] GET /style.css
[2026-10-01T13:29:11.882Z] GET /guestbook.js
[2026-10-01T13:29:11.893Z] GET /api/guestbook
[2026-10-01T13:29:26.322Z] POST /api/guestbook
[2026-10-01T13:29:27.481Z] POST /api/guestbook
[2026-10-01T13:29:27.818Z] POST /api/guestbook
[2026-10-01T13:29:29.594Z] POST /api/guestbook
[2026-10-01T13:29:29.778Z] POST /api/guestbook
[2026-10-01T13:29:29.962Z] POST /api/guestbook
[2026-10-02T12:24:38.519Z] GET /
[2026-10-02T12:24:38.576Z] GET /style.css
[2026-10-02T12:24:38.588Z] GET /api/whoami
[2026-10-02T12:24:38.636Z] GET /style.css
[2026-10-02T12:24:54.352Z] GET /guestbook
[2026-10-02T12:24:54.357Z] GET /
[2026-10-02T12:24:54.362Z] GET /style.css
[2026-10-02T12:24:54.366Z] GET /api/whoami
[2026-10-02T12:25:06.052Z] POST /login
[2026-10-02T12:25:06.057Z] GET /api/whoami
[2026-10-02T12:25:06.062Z] GET /dashboard
[2026-10-02T12:25:06.070Z] GET /style.css
[2026-10-02T12:25:14.565Z] GET /guestbook
[2026-10-02T12:25:14.575Z] GET /style.css
[2026-10-02T12:25:14.577Z] GET /guestbook.js
[2026-10-02T12:25:14.580Z] GET /api/guestbook
[2026-10-02T12:25:24.043Z] POST /api/guestbook
[2026-10-02T12:28:24.990Z] GET /style.css
[2026-10-02T12:28:32.351Z] POST /api/guestbook
[2026-10-02T12:28:59.726Z] POST /api/guestbook
[2026-10-02T12:29:01.238Z] POST /api/guestbook
[2026-10-02T12:29:01.949Z] POST /api/guestbook
[2026-10-02T12:45:20.229Z] GET /
[2026-10-02T12:45:20.313Z] GET /style.css
[2026-10-02T12:45:20.326Z] GET /api/whoami
[2026-10-02T12:45:20.357Z] GET /style.css
[2026-10-02T12:45:37.816Z] POST /login
[2026-10-02T12:45:37.820Z] GET /api/whoami
[2026-10-02T12:45:37.825Z] GET /dashboard
[2026-10-02T12:45:37.839Z] GET /style.css
[2026-10-02T12:45:39.388Z] GET /dashboard
[2026-10-02T12:45:39.394Z] GET /style.css
[2026-10-02T12:45:40.732Z] GET /guestbook
[2026-10-02T12:45:40.739Z] GET /style.css
[2026-10-02T12:45:40.740Z] GET /guestbook.js
[2026-10-02T12:45:40.743Z] GET /api/guestbook
[2026-10-02T12:46:01.763Z] POST /api/guestbook
[2026-10-02T12:46:01.777Z] GET /api/guestbook
[2026-10-05T12:16:32.325Z] GET /
[2026-10-05T12:16:32.377Z] GET /style.css
[2026-10-05T12:16:32.389Z] GET /api/whoami
[2026-10-05T12:16:32.440Z] GET /style.css
[2026-10-05T12:17:25.363Z] GET /nothing-here
[2026-10-05T12:18:47.760Z] GET /api/nothing
[2026-10-05T12:20:14.877Z] GET /
[2026-10-05T12:20:14.883Z] GET /style.css
[2026-10-05T12:20:14.888Z] GET /api/whoami
[2026-10-05T12:20:39.104Z] POST /login
[2026-10-05T12:20:39.107Z] GET /api/whoami
[2026-10-05T12:20:39.113Z] GET /dashboard
[2026-10-05T12:20:39.120Z] GET /style.css
[2026-10-05T12:20:49.238Z] GET /guestbook
[2026-10-05T12:20:49.249Z] GET /style.css
[2026-10-05T12:20:49.250Z] GET /guestbook.js
[2026-10-05T12:20:49.253Z] GET /api/guestbook
[2026-10-05T12:21:07.472Z] GET /api/guestbook
[2026-10-05T12:28:23.521Z] GET /doesnotexist
[2026-10-05T12:29:48.755Z] GET /api/guestbook
[2026-10-05T12:30:07.826Z] GET /
[2026-10-05T12:30:07.896Z] GET /style.css
[2026-10-05T12:30:07.908Z] GET /api/whoami
[2026-10-05T12:30:07.939Z] GET /style.css
[2026-10-05T12:30:20.574Z] POST /login
[2026-10-05T12:30:20.582Z] GET /api/whoami
[2026-10-05T12:30:20.587Z] GET /dashboard
[2026-10-05T12:30:20.595Z] GET /style.css
[2026-10-05T12:30:22.734Z] GET /guestbook
[2026-10-05T12:30:22.740Z] GET /style.css
[2026-10-05T12:30:22.741Z] GET /guestbook.js
[2026-10-05T12:30:22.745Z] GET /api/guestbook
[2026-10-05T12:30:31.707Z] GET /nothinghere
[2026-10-05T12:30:31.717Z] GET /style.css
[2026-10-05T12:30:47.681Z] GET /
[2026-10-05T12:30:47.688Z] GET /style.css
[2026-10-05T12:30:47.691Z] GET /api/whoami
[2026-10-05T12:30:57.454Z] GET /api/guestbook
[2026-10-05T12:34:10.807Z] ERROR GET /api/guestbook: Unexpected non-whitespace character after JSON at position 146 (line 6 column 2)
[2026-10-05T12:34:10.805Z] GET /api/guestbook
[2026-10-05T12:34:24.897Z] GET /guestbook
[2026-10-05T12:34:24.907Z] GET /style.css
[2026-10-05T12:34:24.909Z] GET /guestbook.js
[2026-10-05T12:34:24.913Z] GET /api/guestbook
[2026-10-05T12:34:24.914Z] ERROR GET /api/guestbook: Unexpected non-whitespace character after JSON at position 146 (line 6 column 2)
[2026-10-05T12:34:29.974Z] GET /about
[2026-10-05T12:34:29.980Z] GET /style.css
[2026-10-05T12:34:30.444Z] GET /guestbook
[2026-10-05T12:34:30.452Z] GET /style.css
[2026-10-05T12:34:30.453Z] GET /guestbook.js
[2026-10-05T12:34:30.456Z] GET /api/guestbook
[2026-10-05T12:34:30.457Z] ERROR GET /api/guestbook: Unexpected non-whitespace character after JSON at position 146 (line 6 column 2)
[2026-10-05T12:34:31.900Z] GET /about
[2026-10-05T12:34:31.908Z] GET /style.css
[2026-10-05T12:34:32.315Z] GET /guestbook
[2026-10-05T12:34:32.321Z] GET /style.css
[2026-10-05T12:34:32.322Z] GET /guestbook.js
[2026-10-05T12:34:32.325Z] GET /api/guestbook
[2026-10-05T12:34:32.326Z] ERROR GET /api/guestbook: Unexpected non-whitespace character after JSON at position 146 (line 6 column 2)
[2026-10-05T12:34:35.276Z] GET /about
[2026-10-05T12:34:35.283Z] GET /style.css
[2026-10-05T12:34:44.193Z] GET /api/guestbook
[2026-10-05T12:34:44.194Z] ERROR GET /api/guestbook: Unexpected non-whitespace character after JSON at position 146 (line 6 column 2)
[2026-10-05T12:34:46.964Z] GET /api/guestbook
[2026-10-05T12:34:46.965Z] ERROR GET /api/guestbook: Unexpected non-whitespace character after JSON at position 146 (line 6 column 2)
[2026-10-05T12:35:08.429Z] GET /api/guestbook
[2026-10-05T12:40:06.501Z] GET /api/guestbook
[2026-10-05T12:42:57.628Z] GET /api/guestbook
[2026-10-05T12:42:57.629Z] ERROR GET /api/guestbook: Unexpected non-whitespace character after JSON at position 146 (line 6 column 2)
[2026-10-05T12:43:19.081Z] GET /api/guestbook
[2026-10-05T12:44:03.552Z] GET /api/nothing
[2026-10-05T12:55:35.532Z] GET /api/nothing
[2026-10-05T12:55:42.584Z] GET /nothing
[2026-10-05T12:55:42.592Z] GET /style.css
[2026-10-05T12:55:51.462Z] GET /
[2026-10-05T12:55:51.521Z] GET /style.css
[2026-10-05T12:55:51.534Z] GET /api/whoami
[2026-10-05T12:55:51.563Z] GET /style.css
[2026-10-05T12:56:03.307Z] POST /login
[2026-10-05T12:56:03.310Z] GET /api/whoami
[2026-10-05T12:56:03.315Z] GET /dashboard
[2026-10-05T12:56:03.323Z] GET /style.css
[2026-10-05T12:56:07.587Z] GET /guestbook
[2026-10-05T12:56:07.597Z] GET /style.css
[2026-10-05T12:56:07.598Z] GET /guestbook.js
[2026-10-05T12:56:16.410Z] GET /api/guestbook
[2026-10-05T12:56:27.937Z] GET /nothing
[2026-10-05T12:56:27.943Z] GET /style.css
[2026-10-05T12:56:37.425Z] GET /api/nothing
[2026-10-05T12:56:48.869Z] GET /guestbook
[2026-10-05T12:56:48.875Z] GET /style.css
[2026-10-05T12:56:48.876Z] GET /guestbook.js
[2026-10-06T12:22:06.701Z] GET /
[2026-10-06T12:22:06.760Z] GET /style.css
[2026-10-06T12:22:06.772Z] GET /api/whoami
[2026-10-06T12:22:06.823Z] GET /style.css
[2026-10-06T13:02:11.340Z] GET /
[2026-10-06T13:02:11.408Z] GET /style.css
[2026-10-06T13:02:11.419Z] GET /api/whoami
[2026-10-06T13:02:11.450Z] GET /style.css
[2026-10-06T13:02:41.122Z] POST /login
[2026-10-06T13:02:41.126Z] GET /api/whoami
[2026-10-06T13:02:41.133Z] GET /dashboard
[2026-10-06T13:02:41.145Z] GET /style.css
[2026-10-06T13:02:43.644Z] GET /guestbook
[2026-10-06T13:02:43.659Z] GET /style.css
[2026-10-06T13:02:43.661Z] GET /guestbook.js
[2026-10-06T13:02:50.083Z] GET /guestbook
[2026-10-06T13:02:50.094Z] GET /style.css
[2026-10-06T13:02:50.097Z] GET /guestbook.js
[2026-10-06T13:03:08.425Z] GET /api/guestbook
[2026-10-06T13:32:13.112Z] GET /
[2026-10-06T13:32:13.168Z] GET /style.css
[2026-10-06T13:32:13.181Z] GET /api/whoami
[2026-10-06T13:32:13.212Z] GET /style.css
[2026-10-06T13:32:18.729Z] GET /
[2026-10-06T13:32:18.739Z] GET /style.css
[2026-10-06T13:32:18.743Z] GET /api/whoami
[2026-10-06T13:32:29.803Z] GET /
[2026-10-06T13:32:29.856Z] GET /style.css
[2026-10-06T13:32:29.871Z] GET /api/whoami
[2026-10-06T13:32:29.897Z] GET /style.css
